[kylemathias.com/projects/WordPressWebsite/wp-content/themes/arcade-basic/favicon.ico]
[backblue.gif]
[fade.gif]
[index.html]
[kylemathias.com/projects/WordPressWebsite/xmlrpc.php]
[kylemathias.com/projects/WordPressWebsite/indexd784.html]
[kylemathias.com/projects/WordPressWebsite/indexa6da.html]
[kylemathias.com/projects/WordPressWebsite/wp-includes/js/jquery/jquery90f9.js]
[kylemathias.com/projects/WordPressWebsite/wp-includes/js/jquery/jquery-migrate.min1576.js]
[kylemathias.com/projects/WordPressWebsite/xmlrpc0db0.php]
[kylemathias.com/projects/WordPressWebsite/wp-includes/wlwmanifest.xml]
[kylemathias.com/wp-content/uploads/2015/01/cropped-P22000135.jpg]
[kylemathias.com/projects/WordPressWebsite/wp-content/themes/arcade-basic/library/js/bootstrap.min19ce.js]
[kylemathias.com/projects/WordPressWebsite/wp-content/themes/arcade-basic/library/js/fillsize89aa.js]
[kylemathias.com/projects/WordPressWebsite/wp-content/themes/arcade-basic/library/js/jquery.arctext89aa.js]
[kylemathias.com/projects/WordPressWebsite/wp-content/themes/arcade-basic/library/js/theme89aa.js]
[kylemathias.com/projects/WordPressWebsite/index.html]
[kylemathias.com/projects/WordPressWebsite/wp-content/themes/arcade-basic/style89aa.css]
[kylemathias.com/projects/WordPressWebsite/wp-content/themes/arcade-basic/library/fonts/fontawesome-webfont862f.eot]
[kylemathias.com/projects/WordPressWebsite/wp-content/themes/arcade-basic/library/fonts/fontawesome-webfontd41d.eot]
[kylemathias.com/projects/WordPressWebsite/wp-content/themes/arcade-basic/library/fonts/fontawesome-webfont862f.woff]
[kylemathias.com/projects/WordPressWebsite/wp-content/themes/arcade-basic/library/fonts/fontawesome-webfont862f.ttf]
[kylemathias.com/projects/WordPressWebsite/wp-content/themes/arcade-basic/library/css/font-awesomebfce.css]
[kylemathias.com/projects/WordPressWebsite/wp-includes/js/comment-reply.min89aa.js]
[kylemathias.com/projects/WordPressWebsite/index24e1.html]
[kylemathias.com/projects/WordPressWebsite/index7665.html]
[kylemathias.com/projects/WordPressWebsite/wp-content/themes/arcade-basic/library/fonts/fontawesome-webfont862f.svg]
[kylemathias.com/projects/WordPressWebsite/index7ef4.html]
[kylemathias.com/projects/WordPressWebsite/index4170.html]
